// Jest Snapshot v1, https://goo.gl/fbAQLP

exports[`TopPageSnapshot should render correctly in 'debug' mode 1`] = `
<div
  className="hello"
>
  Hello
</div>
`;
